Warning: You are sending unauthenticated requests to the HF Hub. Please set a HF_TOKEN to enable higher rate limits and faster downloads.
[   4.180-   8.560] 紹介試験を始める前に、音を聞いてください。
[  10.000-  13.460] まだ、問題用紙を開けないでください。
[  15.420-  19.340] 音がよく聞こえない時は、手を上げてください。
[  22.400-  24.840] 天気がいいから、散歩しましょう。
[  25.900-  28.320] 天気がいいから、散歩しましょう。
[  29.230-  31.790] 天気がいいから、散歩しましょう。
[  32.840-  35.320] 天気がいいから、散歩しましょう。
[  43.430-  47.450] 日本語能力試験、紹介、N2
[  49.290-  53.530] これから、N2の紹介試験を始めます。
[  54.690-  56.550] メモを取っても構いません。
[  58.180-  60.100] 問題用紙を開けてください。
[  62.980-  67.020] 問題用紙のページがない時は、手を上げてください。
[  69.370-  73.250] 問題がよく見えない時も、手を上げてください。
[  74.920-  75.980] いつでもいいです。
[  83.210-  84.330] 問題1。
[  85.260-  89.600] 問題1では、まず、質問を聞いてください。
[  91.280-  93.840] それから、話を聞いて、
[  94.580-  98.280] 問題用紙の1から4の中から、
[  99.020- 102.840] 最もよいものを1つ選んでください。
[ 106.570- 108.310] では、始めます。
[ 115.430- 115.870] 一番。
[ 117.030- 121.410] 大学で、女の学生と男の学生が話しています。
[ 122.660- 127.460] 男の学生は、この後、まず何をしなければなりませんか?
[ 129.450- 133.250] サイトー君、事務所に教室の使用願い出してくれた?
[ 133.710- 136.010] え、使用願い?なんだっけ?
[ 136.450- 139.790] ほら、大州のクラブのミーティングで使う教室よ。
[ 140.410- 143.670] 結構出席者多いから、大きい教室かりないと。
[ 143.990- 146.030] ごめんごめん、忘れるところだった。
[ 146.810- 148.530] えっと、手続きって。
[ 149.190- 150.770] 事務所で、用紙をもらってね。
[ 151.430- 154.070] 申し込む時は、先生の販甲もいるよ。
[ 154.670- 155.810] それから、サイトー君、
[ 156.630- 160.350] 新入性関係会の準備で、お金を建て帰ってくれてたでしょう。
[ 160.970- 163.050] その分、返すから、レシートくれる?
[ 163.610- 166.670] 今日は持ってないから、来週のミーティングの時に持ってくる。
[ 172.670- 177.230] 男の学生は、この後、まず何をしなければなりませんか?
[ 192.920- 193.380] 二番。
[ 194.480- 197.960] 会社で、女の人と男の人が話しています。
[ 199.140- 202.560] 女の人は、この後、まず何をしますか?
[ 206.650- 210.790] 先輩、あの感受数のデザイン、やり直しになりそうなんです。
[ 212.140- 215.220] この間のプレゼン、部長の反応がよくなくて、
[ 215.880- 218.860] 今までのから、あまり買えない方がいいんじゃないかって。
[ 220.450- 222.530] 予算の問題は、クリアしたんですけど。
[ 223.130- 225.970] 新しいデザインの意味、ちゃんと部長に伝わったの?
[ 227.070- 233.050] え、デザインに込めた意味とか、色のもつ意味とか、力を入れて説明したつもりです。
[ 233.210- 235.810] うーん、客観的なデュートは示した?
[ 236.330- 238.130] あ、えー、特には。
[ 238.670- 242.070] 消費者の声も大事だから、放感度とか調べてみたら、
[ 242.570- 245.110] 具体的な数値があれば、接続力もあるし、
[ 245.670- 249.470] それでもダメなら、また一から新しくデザインしなおすしかないけど。
[ 250.290- 252.650] そうですね。地球取りかかります。
[ 260.760- 264.660] 女の人は、この後、まず何をしますか?
[ 280.440- 281.060] 3番。
[ 281.940- 285.460] 会社で、男の人と女の人が話しています。
[ 286.470- 289.230] 女の人は、まず何をしますか?
[ 293.220- 297.910] 佐藤さん、この間お願いした社長の海外市長の県だけど、
[ 298.610- 300.670] ちょっと、一定変更が出ちゃったんだよね。
[ 301.780- 305.580] 飛行機の輪を適当な時間に変更するようにって言われてるんだけど。
[ 305.960- 307.720] はい、どういう変更ですか?
[ 308.160- 312.040] 社長は17日の午後に帰国する予定だったんだけど、
[ 312.580- 315.480] その日の朝10時から日本で会議が入ったから、
[ 316.040- 318.340] 飛行機を前日の輪にして欲しいんだって。
[ 319.400- 322.300] 16日は昼までしか予定が入っていないから、
[ 322.840- 324.920] 夕方以降の輪だったら大丈夫だよね。
[ 325.480- 328.080] はい、ホテルもキャンセルですね。
[ 328.980- 333.600] いや、最終日の宿泊をどうするかは、飛行機の時間次第だね。
[ 333.600- 336.240] 飛行機が新屋の出発だったら、
[ 336.800- 339.460] それまで少しでもホテルで休まれた方がいいんじゃない?
[ 340.800- 341.600] あ、そうですね。
[ 342.300- 346.360] じゃあ、帰国輪が確定ししない社長にご連絡して、
[ 347.040- 349.500] ホテルで休まれるかどうか希望をお伺いして。
[ 349.880- 351.220] はい、わかりました。
[ 359.400- 362.320] 女の人は、まず何をしますか?
[ 378.000- 378.640] 4番。
[ 379.770- 383.110] 女の留学生と男の留学生が話しています。
[ 384.380- 388.440] 女の留学生は、いらなくなったものをどうしますか?
[ 390.410- 391.790] いよいよ卒業だね。
[ 392.470- 396.730] 国に帰るんで、カムとか電気製品いらなくなるんだけど、
[ 397.070- 397.790] どうしたらいいかな?
[ 398.670- 401.590] 僕の場合は、アルバイト先の友達にゆずるんだ。
[ 402.150- 402.990] それはいいね。
[ 403.870- 407.630] 私のもまだ十分使えるから、捨てるのをもったいなくて。
[ 408.070- 410.490] この間、大学の経営番で見たんだけど、
[ 410.490- 415.770] 先輩の家具を引き取って、審入性に上げる活動をしているボランティア団体があるんだって。
[ 416.150- 419.210] 連絡すれば取りに来てくれるから、そこに寄付すれば?
[ 419.810- 421.250] えー、いいね。
[ 421.810- 424.650] それか、リサイクルショップに売るっていうのもいいよね。
[ 425.970- 429.590] あ、だけど、電気製品の古いのは買い取ってくれないかも。
[ 429.910- 430.630] そうなんだ。
[ 431.620- 434.460] あ、インターネットでの販売はどう?
[ 435.140- 438.400] 写真のせて、会体人と直接やり取りするやつ。
[ 438.940- 443.400] お店まで持っていく必要がないから、楽でいいかなって思ったんだけど。
[ 443.720- 446.260] あ、それは叫んだ方がいいと思うよ。
[ 446.760- 450.040] 受け渡しとかお金のこととか、トラブルもあるって聞くし。
[ 450.500- 451.020] そっか。
[ 451.460- 454.400] やっぱり、審入性に喜んでもらうのがいいんじゃない?
[ 454.840- 455.640] ヘマかかんないし。
[ 456.300- 456.440] うん。
[ 457.020- 458.000] じゃあ、そうしよう。
[ 464.130- 468.070] 女の留学生は、いらなくなったものをどうしますか?
[ 483.780- 484.360] 5番。
[ 485.370- 489.830] 山口価値をからの、ルス番電話のメッセージを聴いています。
[ 490.940- 496.200] 価値をからのメッセージを聴いた後、まず何をしなければなりませんか?
[ 500.800- 502.400] もしもし、山口だけど。
[ 503.130- 508.010] 会社に電話したら、外出中ということだったんで、携帯の方に連絡しました。
[ 509.360- 515.380] 今、大阪に向かってる所なんだけど、明日の会議で使う資料、会社に忘れちゃって、
[ 516.200- 522.460] 申し訳ないんだけど、資料の場所を気味しかわからないから、戻ったらすぐに郵便局に行って、
[ 523.120- 525.660] 即突で大阪のホテルに送ってほしいんだ。
[ 526.720- 530.680] で、郵便出す時、到着日々確認してくれる?
[ 532.240- 532.540] うん。
[ 533.160- 536.100] とりあえずこれ聞いたら、お理解し僕の方にかけてくれない?
[ 536.880- 539.960] あたさき申し上げたいし、悪いけど、よろしく。
[ 539.960- 554.150] 家庁からのメッセージを聞いた後、まず何をしなければなりませんか?
[ 571.540- 572.600] 問題2。
[ 573.640- 578.060] 問題2では、まず質問を聞いてください。
[ 579.640- 583.900] その後、問題用士の選択肢を読んでください。
[ 585.470- 586.830] 読む時間があります。
[ 588.980- 595.080] それから話を聞いて、問題用士の1から4の中から、
[ 595.080- 599.240] 最も良いものを一つ選んでください。
[ 602.840- 604.620] では、始めます。
[ 610.490- 611.030] 一番。
[ 612.110- 615.770] 会社で、女の社員と家庁が話しています。
[ 616.800- 619.520] 家庁は何に驚いていますか?
[ 643.370- 648.610] 家庁、今、営業部の田中君から差し入れのお菓子をいただきました。
[ 649.210- 654.490] お、いいね。ちょうど一段落したところだから、ちょっと休憩しようか。
[ 655.750- 661.830] 田中君、このまえは、あの人気の業列のできるお菓子を買ってきてくれたような。
[ 663.740- 665.740] これもどっかの有名なお菓子?
[ 666.460- 668.460] 田中君の手作りだそうですよ。
[ 671.140- 675.870] えー、これはお前、見た目の味もとても白とが作ったと思えないよ。
[ 676.590- 677.810] 田中君やるもんだな。
[ 678.760- 684.040] そのうち、お菓子の店をはじめるので、会社をやめますなんて言い出したりするんじゃないか?
[ 684.040- 692.840] 家庁は何に驚いていますか?
[ 708.260- 708.880] 二番。
[ 710.010- 713.830] 大学の終職セミナーで男の人が話しています。
[ 715.080- 719.760] 男の人はどうして今の仕事を選んだと言っていますか?
[ 743.720- 747.460] 私はこの大学の卒業生で社会人2年目です。
[ 747.940- 752.360] えー、実は私の大学時代の専門はコンピューターでした。
[ 752.840- 758.100] ですから、今福祉の仕事をしているというと、当時の友人は皆を驚きます。
[ 758.660- 765.080] 確かに専門と直接関係があるわけじゃないし、新たに学んで視覚を取らなくてはなりませんでしたからね。
[ 765.780- 770.020] でも子供の時から人のためになる仕事がしたいという思いがあったんです。
[ 771.140- 776.540] 幸いこの仕事は重要が高く、未経験の私でもすぐに仕事につくことができました。
[ 782.540- 787.260] 男の人はどうして今の仕事を選んだと言っていますか?
[ 802.970- 803.770] 3番。
[ 804.660- 813.240] 電話で、車の修理工場の男の人と客が話しています。客はどうすることにしましたか?
[ 837.310- 841.250] あ、もしもし、南自動車工場の仲村と申します。
[ 841.830- 843.150] 移動さんのお宅でしょうか?
[ 843.570- 843.830] はい。
[ 844.310- 851.990] あの、お預かりしている車の転検が今終わりまして、交換が必要なものがございますのでご連絡いたしました。
[ 852.450- 856.630] あの、交換艶なんのですか?オイル交換とか?
[ 857.070- 860.770] いや、オイルはきれいで問題なかったんですが、
[ 860.790- 866.070] タイヤとワイパーがだいぶ証明していたのでおりまして、交換したほうがいいかと思うんですが
[ 866.610- 870.510] ワイパーは自分で交換できるのでそのままでいいです。
[ 870.910- 874.230] えっと、タイヤって結構高いですよね。
[ 875.090- 878.130] そうですね、種類にも寄りますけど。
[ 878.960- 884.220] 困ったな、こないだライトがつかなくなって交換したばかりだっていうのに、
[ 884.990- 889.280] でもそのままにしておくと危ないし、分かりました。
[ 890.240- 891.120] じゃあお願いします。
[ 897.470- 899.950] 客はどうすることにしましたか?
[ 915.530- 916.210] 4番
[ 917.080- 921.140] 会社で、女の人と男の人が話しています。
[ 922.400- 926.280] 女の人は男の人に何を頼みましたか?
[ 926.280- 952.280] 来週の天然会の準備どう?
[ 953.040- 957.700] 忙しくて、今週は土日も出勤しなきゃなんないかもって言ってたけど。
[ 958.020- 960.460] 何とか休日出勤は避けられそうだよ。
[ 960.900- 961.980] 少し余裕出てきた。
[ 962.440- 962.820] ほんと?
[ 963.300- 967.700] じゃあ、今度の土曜日、バレーボール大会があるんだけど出てよ。
[ 968.380- 972.200] メンバーの青山君が足子説写って、今入院中なんだ。
[ 972.700- 974.700] 青山君って、映像の?
[ 975.420- 978.540] うわぁ、僕青山君にはいつもお世話になってるんだよ。
[ 978.540- 981.820] でも、すぐにでもお見舞い行きたいけど、今日は無理だな。
[ 982.360- 986.480] あ、私、今日お見舞い行くから、心配してたって伝えておくよ。
[ 986.960- 988.360] で、どう呼びどう?
[ 989.440- 992.740] 分かったよ。僕じゃ役人たたないかもしれないけどね。
[ 998.800-1002.840] 女の人は男の人に何を頼みましたか?
[1018.540-1019.100] 5番
[1020.000-1024.440] テレビでレポーターが、料理のコンクールについて話しています。
[1025.860-1029.340] このコンクールの目的は何だといっていますか?
[1055.290-1060.890] 今、こちらのレストランでは、店の料理人たちによる料理コンクールが開かれています。
[1061.630-1065.290] 優勝作品を選ぶのは、料理人のお客様たちです。
[1066.250-1072.290] 料理人は普段から、お客様が喜ぶ料理をと日々、調理の技術を見抜いていますが、
[1072.730-1075.270] 同じメニューではお客様に諦れる。
[1075.770-1080.590] そうならないように、新しい発想で料理を操作していくことが大事だ。
[1081.070-1083.930] ということで、料理長が開催を決めたそうです。
[1085.250-1089.710] 優勝した料理は、来月から新メニューとしてお店に登場します。
[1097.730-1101.190] このコンクールの目的は何だといっていますか?
[1116.820-1117.580] 6番
[1118.390-1120.850] ラジオでアナウンサーが話しています。
[1121.980-1127.700] アナウンサーは、ガカがこの絵でどんなことを表現しているといっていますか?
[1153.690-1158.590] 前週、松田治療師のネコというタイトルの会がを見に出来ました。
[1159.360-1162.940] 椅子にこしかけた女性の足元にネコが座っている絵で、
[1163.560-1169.240] これまでのダイナミックな作品とは違い、静かな生活の一瞬を切り取ったようです。
[1170.400-1176.500] 絵の中の女性はオフ様、ネコはご自身なのだという松田さんのお話を伺い、
[1177.100-1182.060] つい、松田さんはうちの中では小さくなっているのかと思ってしまったのですが、
[1182.690-1190.290] 実際は、いつもあなたがそばにいてくれて安心ですというメッセージが込められているのだそうです。
[1197.850-1203.570] アナウンサーは、ガカがこの絵でどんなことを表現しているといっていますか?
[1218.090-1255.660] ここで、ちょっと休みましょう。では、また続けます。
[1261.990-1262.870] 問題3
[1264.100-1269.120] 問題3では、問題療師に何も印刷されていません。
[1269.120-1276.750] この問題は、全体としてどんな内容化を聞く問題です。
[1278.580-1285.160] 話の前に質問はありません。まず話を聞いてください。
[1286.760-1293.040] それから、質問と選択肢を聞いて、1から4の中から、
[1293.720-1303.540] 最も良いものを一つ選んでください。では、始めます。
[1309.050-1309.690] 1番
[1310.540-1314.300] 高校の入学式で、校長が話しています。
[1316.260-1320.760] 新入生の皆さん、ご家族の皆さん、入学をおめでとうございます。
[1321.710-1328.030] 入学式にあたり、私たちの学校について、基本的な考えをお話ししたいと思います。
[1329.140-1335.580] 本校は1950年に総立していらい、心の教育を重視してきました。
[1336.360-1340.780] 学校は勉強して、学力を上げるためだけの場所ではありません。
[1341.660-1346.240] 社会生活の中で、必要な冷映さ法を見につけることにより、
[1346.860-1351.420] 家族や友人を大切にする心を育てていきたいと思っています。
[1352.570-1355.670] ご家族も、ぜひご協力よろしくお願いします。
[1361.770-1365.050] 高校長は、何について話していますか?
[1366.950-1367.390] 1.
[1368.250-1370.290] 学力を上げる方法
[1373.010-1373.450] 2.
[1374.570-1376.430] この学校の歴史の長さ
[1379.400-1379.840] 3.
[1380.970-1382.990] 家庭での学習の大切さ
[1385.840-1386.280] 4.
[1387.580-1389.420] この学校の教育方針
[1401.000-1401.640] 2番
[1402.700-1405.520] 女の人と男の人が話しています。
[1407.590-1409.010] 新しい仕事どう?
[1409.610-1412.230] うん、だいぶ慣れたけど、結構忙しい。
[1412.790-1415.910] 前の会社と違って、会議とか出帳も多いしね。
[1416.950-1418.770] えー、じゃあ、疲れるでしょう?
[1419.170-1421.930] うん、不思議なんだけど、そうでもないんだよ。
[1422.390-1424.930] 時間に終われて不規則な生活してるわりにね。
[1425.610-1426.950] やりたい仕事だからかな。
[1427.590-1428.310] そうなんだ。
[1429.300-1432.360] 前の会社にいた時は、ずいぶん悩んでたよね。
[1433.220-1436.280] やりたい仕事をするために、転職するかどうか。
[1436.700-1440.120] うん、悩んできめた仕事だから、公開しないように、
[1440.300-1441.420] せいっぱいやろうと思って。
[1442.140-1444.140] なんか、前より、意気してるね。
[1444.680-1447.160] うん、やりがいがあるし、この仕事。
[1453.140-1457.740] 男の人は、新しい仕事についてどう思っていますか?
[1459.730-1460.030] 1.
[1461.160-1462.900] 忙しいので、疲れる。
[1465.710-1466.190] 2.
[1467.300-1469.640] 忙しいが、充実している。
[1472.530-1472.970] 3.
[1474.090-1477.090] やりたい仕事ではないので、転職したい。
[1480.020-1480.380] 4.
[1481.600-1484.400] やりたい仕事ではないが、頑張りたい。
[1496.020-1496.640] 3番。
[1497.500-1499.940] なじょうで、アナウンさんが話しています。
[1501.920-1506.440] 宇宙という言葉を聞くだけで、ワクワクするという人も多いと思いますが、
[1506.900-1510.680] そのような方に、ぜひ足を運んでいただきたいのが、
[1510.700-1513.600] 北山大学宇宙物理学研究所です。
[1514.620-1519.220] ここでは、毎月一般の方を対象に特別効義を行っています。
[1520.270-1525.310] 地球誕生の秘密から、宇宙人は本当にいるの?といった話まで、
[1525.310-1529.790] 最新の研究成果を取り入れながらわかりやすく説明しています。
[1530.720-1533.520] 参加は無料ですが、予約性になっています。
[1534.320-1537.180] 興味のある方は大学までお問い合わせください。
[1543.160-1546.280] アナウンさんは、何について話していますか?
[1548.340-1548.620] 1.
[1549.730-1551.550] 宇宙物理学の学び方。
[1554.450-1554.850] 2.
[1555.880-1557.420] 最新の研究成果。
[1560.550-1560.770] 3.
[1561.920-1563.340] 特別効義の案内。
[1566.240-1566.640] 4.
[1567.530-1569.870] 社会人のための入学案内。
[1581.320-1581.800] 4.
[1582.820-1586.920] テレビでレポーターが山川町について話しています。
[1588.960-1591.560] 今日は山川町をご紹介します。
[1592.300-1598.800] 山川町には、東西大学があり、昔から落ち着いた学生の町として有名でした。
[1599.470-1602.950] ところが今、住宅地として注目を浴びています。
[1604.010-1611.770] 住宅町といえば、昔から高通の便利さ、安全、静かさが重視されますが、
[1611.830-1615.250] 山川町にはそれに加えて大学病院もあります。
[1616.190-1624.250] 近年の急速な高齢化に伴い、病院や公共施設の充実した町に移り住む人が増えているということです。
[1630.190-1634.690] レポーターは山川町の何について話していますか?
[1636.730-1636.910] 1.
[1636.910-1641.430] 住宅地として人気が出てきた理由。
[1644.090-1644.570] 2.
[1645.570-1648.750] 学生の町として人気が出てきた理由。
[1651.620-1652.060] 3.
[1653.300-1655.000] 学生が増えている理由。
[1657.880-1658.360] 4.
[1659.750-1661.410] 病院が増えている理由。
[1673.030-1673.330] 5.
[1674.310-1676.810] テレビで女の人が話しています。
[1678.990-1682.070] 最近は野菜ジュースがよく売れています。
[1682.810-1688.110] 忙しい現代人にとって手鳴るに営用が取れるということが魅力のようです。
[1688.930-1692.730] ただ野菜ジュースに頼り過ぎるのはこのましくありません。
[1693.560-1698.280] 同じ量の野菜を生で食べるのと野菜ジュースにして取るのでは、
[1698.860-1703.140] ジュースの方が営用成分の種類も量も少ないため、
[1703.680-1707.720] ジュースのみでは営用バランスが固寄ってしまう恐れがあります。
[1708.480-1711.480] 1日に必要な量の野菜を使っても、
[1711.980-1715.760] 作る家庭で絞ったり、加熱したりすることによって、
[1716.200-1718.020] 営用成分は減ってしまいます。
[1718.880-1723.060] 基本的にジュースは保助と考えることが大事でしょう。
[1729.060-1731.580] 女の人が伝えたいことは何ですか?
[1733.720-1733.960] 1.
[1735.140-1736.800] 野菜ジュースの作り方。
[1739.680-1740.080] 2.
[1741.180-1743.880] 現代人の営用バランスの方より。
[1746.840-1747.240] 3.
[1747.490-1750.690] 1日に必要な野菜の量。
[1753.910-1754.010] 4.
[1754.920-1757.940] 野菜ジュースを取る上での注意点。
[1772.620-1773.740] 問題4.
[1774.890-1780.170] 問題4では、問題用詞に何も印刷されていません。
[1781.750-1784.130] まず、文を聞いてください。
[1785.940-1789.360] それから、それに対する返事を聞いて、
[1790.210-1792.170] 1から3の中から、
[1792.710-1796.090] 最も良いものを一つ選んでください。
[1809.110-1810.990] では、始めます。
[1816.900-1817.620] 1番。
[1818.520-1819.280] きむださ、
[1820.040-1822.020] 君本社に行くのを明日だっけ?
[1824.090-1824.370] 1。
[1825.420-1826.120] かしこまりました。
[1826.760-1827.380] 明日ですね。
[1829.430-1829.710] 2。
[1830.760-1832.580] 突然明日と言われましても。
[1834.650-1835.030] 3。
[1836.050-1838.490] いえ、明日じゃなくて明ってです。
[1850.160-1850.640] 2番。
[1851.660-1853.600] あれ、今日出すレポート、
[1853.920-1855.320] カバンに入れてきたはずなのに。
[1857.320-1857.680] 1。
[1858.580-1859.780] え、ないの?
[1861.880-1862.240] 2。
[1863.250-1864.470] 持ってきて良かったね。
[1866.550-1866.910] 3。
[1868.010-1869.430] 閉め切り忘れてたの?
[1881.120-1881.760] 3番。
[1882.790-1884.730] 国際交流のイベントの準備、
[1885.250-1886.970] 鉄だってくれるとありがたいんだけど。
[1889.000-1889.360] 1。
[1890.400-1892.280] いえ、気にしないでください。
[1894.410-1894.650] 2。
[1895.440-1896.440] あ、はい。
[1896.880-1897.800] 私でよければ。
[1899.710-1900.110] 3。
[1901.370-1901.770] ありがとうございます。
[1902.590-1903.310] 助かります。
[1909.880-1910.540] 4番。
[1911.600-1914.500] 私、明日が初めてのプレゼンなんで、
[1915.100-1916.260] 不安で仕方ないんです。
[1918.400-1918.780] 1。
[1919.750-1921.650] まだ何か方法があるはずだよ。
[1923.740-1923.920] 2。
[1924.930-1926.750] 大丈夫、きっとうまく行くよ。
[1928.830-1929.110] 3。
[1929.990-1931.970] 初めてなのに自信はあるんだね。
[1943.680-1944.300] 5番。
[1945.250-1947.430] 田中さん、店長が及びです。
[1949.500-1949.900] 1。
[1949.900-1952.070] あ、今行きます。
[1953.980-1954.380] 2。
[1955.240-1956.740] じゃあ、及びしましょう。
[1958.910-1959.230] 3。
[1960.360-1961.420] すぐ来てくれますか?
[1973.130-1973.730] 6番。
[1974.700-1975.360] 前田さん、
[1976.040-1977.860] 市内のごみ問題に関する資料。
[1978.420-1980.360] できるだけ多く集めてもらえないかな。
[1982.540-1982.800] 1。
[1983.820-1986.140] そんなに多く集めることができたんですか?
[1988.140-1988.500] 2。
[1989.530-1991.790] たくさん集めても無駄ってことですね。
[1993.910-1994.270] 3。
[1995.340-1995.560] はい。
[1996.080-1998.020] 集められるだけ集めてみます。
[2006.890-2007.610] 7番。
[2008.380-2011.520] まさか部長が会社やめるとは思わなかったよね。
[2013.820-2014.180] 1。
[2015.400-2017.100] すごい、予想してたんだね。
[2019.180-2019.380] 2。
[2020.380-2021.800] 本当、信じられないね。
[2023.900-2024.220] 3。
[2025.140-2026.680] やめないことになったんだね。
[2038.620-2039.120] 8番。
[2040.090-2043.190] この研修会、山田さんもこられれば良かったのにね。
[2045.340-2045.700] 1。
[2046.830-2048.510] 山田さん、こなくて良かったね。
[2050.580-2050.820] 2。
[2051.910-2054.370] 山田さんと研修会一緒で心強いよ。
[2056.280-2056.640] 3。
[2057.840-2060.440] 山田さん、急な会議が入っちゃったからね。
[2071.920-2072.540] 9番。
[2073.690-2077.590] 今、お茶をご用意しますので、ちょっとお待ちくださいね。
[2079.770-2080.050] 1。
[2081.090-2082.290] あ、おかまいなく。
[2084.310-2084.670] 2。
[2085.670-2086.810] どうぞ、ご演出なく。
[2088.940-2089.240] 3。
[2090.200-2091.100] おきのどくさま。
[2102.810-2103.390] 10番。
[2104.330-2108.530] 今度のシンポジュームの継域、ざっと見つもってどのぐらいになりそう?
[2110.660-2111.020] 1。
[2111.020-2114.230] 大体5年ぐらいになりそうです。
[2115.920-2116.280] 2。
[2117.320-2119.020] もうしはらえはすんだんですか?
[2121.110-2121.410] 3。
[2122.440-2124.100] 夕型までに計算しておきます。
[2135.950-2136.710] 11番。
[2137.780-2138.420] しまった。
[2139.000-2140.700] うっかり会社に処理を置いてきた。
[2142.700-2143.100] 1。
[2144.030-2145.090] ちゃんと置いてきた?
[2147.140-2147.540] 2。
[2148.400-2150.220] あ、会社で使うから?
[2152.330-2152.730] 3。
[2153.730-2154.750] どりに戻ったら?
[2166.350-2167.150] 12番。
[2167.150-2172.280] かとさん、かとさんに借りてたほんきょう返しつもりだったんだけど。
[2174.380-2174.760] 1。
[2175.830-2177.250] 機会があれば、ぜひ。
[2179.200-2179.520] 2。
[2180.540-2181.040] よかった。
[2181.460-2182.180] 返してくれて。
[2184.210-2184.610] 3。
[2185.600-2187.380] 別に、いつでもいいよ?
[2200.670-2201.550] 問題5。
[2202.660-2206.020] 問題5では、長めの話を聞きます。
[2207.150-2208.810] メモをとっても構いません。
[2211.540-2212.020] 1番。
[2213.160-2213.680] 2番。
[2215.670-2219.270] 問題用紙に何も印刷されていません。
[2221.360-2224.040] まず、話を聞いてください。
[2225.770-2229.250] それから、質問と選択肢を聞いて。
[2230.150-2231.990] 1から4の中から、
[2232.690-2235.890] 最も良いものを一つ選んでください。
[2238.920-2240.840] では、始めます。
[2246.960-2247.460] 1番。
[2248.500-2251.540] で、パートで、店員と客が話しています。
[2255.590-2256.330] いらっしゃいませ。
[2257.270-2260.550] あのー、通勤で使えるカバウンを探してるんですけど、
[2261.190-2262.250] パソコンが入れられて、
[2262.670-2265.210] セオエルタイプで普段荷物が多いんで、
[2265.590-2266.450] 軽いものがいいかな。
[2267.170-2269.330] それから、携帯とかサイフなどの
[2269.330-2272.470] コモノを入れるポケットが2つはついてるのがいいんですけど。
[2273.970-2274.290] そうですね。
[2275.530-2277.470] パソコンが入れられるタイプでしたら、
[2277.970-2280.330] こちらのシリーズの4つのモデルは、
[2280.650-2282.250] 全てパソコンが入るサイズで、
[2282.250-2283.770] セオウことができて、
[2284.030-2285.850] 突きにも便利です。
[2286.760-2288.160] このモデル1は、
[2288.560-2290.340] パソコンを収納する部分が
[2290.340-2291.720] 頑張に作られています。
[2292.280-2295.160] 外側にはポケットがたくさん付いているので、
[2295.680-2297.400] いろいろな物を整理できますし、
[2297.800-2299.180] それほど重くありません。
[2301.050-2303.010] 軽い素材が使われているのが、
[2303.450-2304.870] こちらのモデル2です。
[2305.700-2306.480] 外側に、
[2306.780-2309.420] コモノを整理するポケットが2つ付いています。
[2311.200-2314.980] それから、このモデル3も軽くて背負いやすいです。
[2315.600-2318.240] ショックを吸収する素材が使われているので、
[2318.720-2320.300] パソコンを入れても安心です。
[2321.470-2324.450] 内側はポケットのないシンプルなデザインで、
[2324.950-2327.770] 外側に大きめのポケットが1つ付いていて、
[2328.290-2330.470] 携帯や財布が取り出しやすくなっています。
[2331.790-2333.670] あと、こちらのモデル4は、
[2334.030-2336.390] ヘルトを付ければショルダーバックにもなります。
[2337.100-2340.200] 素材が変わるので、ちょっと重いんですが、
[2340.240-2342.160] 内側に携帯と財布、
[2342.540-2344.780] それぞれの専用ポケットが付いています。
[2346.780-2348.760] ポケットは1つじゃ足りないし、
[2349.280-2352.440] 大すぎてもどこに何を入れたかわからなくなるからなぁ。
[2353.100-2355.960] それにやっぱり軽い方が続きには便利かな。
[2356.700-2357.840] じゃあ、これにします。
[2365.940-2368.240] 客は、どのカバンを買いますか?
[2370.320-2370.680] 行き。
[2371.640-2372.480] モデル1。
[2375.430-2375.790] 2。
[2375.790-2377.530] モデル2。
[2380.630-2380.830] 3。
[2381.680-2382.660] モデル3。
[2385.680-2386.040] 4。
[2387.180-2387.960] モデル4。
[2399.610-2400.150] 2番。
[2401.150-2407.050] 会社で、女の家庁と若い社員2人が食事について話しています。
[2409.130-2410.290] もう食事ね。
[2410.990-2413.890] 遅くなっちゃったから、帰りに食事していかない?
[2414.390-2416.910] いいですね。お腹が手こぼこですよ。
[2417.730-2420.950] この間、中華のおいしい店を見つけたんですけど、どうですか?
[2421.410-2423.710] それ、前週一瞬に行ったところ?
[2424.450-2428.590] 確かにおいしいけど、あそこ、この時間は結構ゴムよ。
[2430.120-2433.600] 会社の隣のパスタの店なら、すぐ入れると思いますけど、
[2434.200-2435.340] 値段も手頃だし。
[2435.760-2439.900] あ、ごめんなさい。パスタは私、今日を昼に食べちゃったの。
[2440.560-2441.280] そうですか。
[2442.060-2445.620] それなら、会社の向かいのは食の店はどうですか?
[2446.380-2449.040] 雰囲気もいいし、料理の種類もおいし。
[2449.040-2451.460] あそこ、ちょっと高級なんだよね。
[2452.120-2454.240] 給料理前だし、きついなぁ。
[2454.840-2457.000] 駅の近くの焼肉の店はどうですか?
[2457.540-2459.400] 2時間で肉食べ放題なんですよ。
[2460.060-2462.840] こんな時間に思い物は食べたくないなぁ。
[2463.280-2466.440] 野菜や魚の方が、意味優しいと思うけど。
[2467.060-2469.560] そうですね。時間も遅いしね。
[2470.400-2474.580] うん。メニューがいろいろあるところなら、好きなものを選べるんじゃない?
[2474.580-2478.810] 二人とも頑張ってくれたし、今日は私が終わるから。
[2479.760-2480.240] ありがとうございます。
[2486.720-2489.820] 3人は、どの店に行くことにしましたか?
[2491.700-2492.120] 1。
[2493.240-2494.100] 中華の店
[2496.950-2497.430] 2。
[2498.490-2499.330] パスタの店
[2502.190-2502.670] 3。
[2503.890-2504.770] 和食の店
[2507.610-2508.090] 4。
[2509.400-2510.380] 焼肉の店
[2527.400-2528.220] 3番。
[2529.310-2531.710] まず、話を聞いてください。
[2533.250-2536.330] それから2つの質問を聞いて、
[2537.270-2541.470] それぞれ問題用紙の1から4の中から、
[2542.130-2545.490] 最も良いものを1つ選んでください。
[2548.510-2550.310] では、始めます。
[2556.560-2560.120] 農業のイベント会場でアナウンスを聞いた後、
[2560.860-2563.500] 男の人と女の人が話しています。
[2569.640-2572.720] 本日はご来場いただきありがとうございます。
[2573.680-2575.640] 会場についてご案内いたします。
[2576.430-2582.530] 第1会場では、地元で取れた新鮮な野菜のし食と販売を行っております。
[2583.460-2586.060] 季節のくだものも豊富に揃えております。
[2587.180-2591.880] 第2会場では、地元の野菜や肉などを使ったお料理を、
[2592.020-2594.820] 会場の席に座っておめし上がりいただけます。
[2595.740-2601.000] ただし、毎年人気の野菜店プラは残りわずかとなっておりますので、
[2601.560-2602.820] お早めにお越しください。
[2603.980-2608.000] 第3会場では、農業について知識を深める
[2608.000-2611.240] 様々なクイズやゲームをお楽しみいただけます。
[2612.140-2618.680] 本日は、お米1年分などが当たる巨大なカボチャの重さを当てるクイズも用意されています。
[2619.850-2624.890] 第4会場では、かわいらしい動物たちがお客様を待ちしております。
[2625.830-2629.210] うまに乗ったり、やぎやうさににエサをやったり、
[2629.890-2632.050] 動物との触れ合いをお楽しみください。
[2632.050-2636.360] なお、本日は4時に終了の予定です。
[2636.970-2640.810] 終了まで、どうぞ楽しい人たきをお過ごしください。
[2643.100-2644.740] 終わりまであと1時間か。
[2645.600-2648.980] うーん、ついぶん込んでるし、あんまり時間もないから、
[2649.420-2652.220] 会場1つしか見られないね。どこがいい?
[2654.080-2657.040] そうですね。私はいろいろな野菜を食べてみたいな。
[2657.500-2660.340] え、さっき昼ご飯食べたばかりなのに、
[2660.340-2664.460] それに人気あるって言ってたからきっと業列ができてるよ。
[2664.820-2669.520] うん、そうじゃなくて、今日の優職の材料がみたいな、
[2670.060-2672.820] とれたばかり乗って中のか買えないじゃない。
[2673.700-2677.020] ああ、そっちなんだ。じゃあ別々にみようか、
[2677.560-2679.860] 僕はせっかくだから勉強していきたいし、
[2680.520-2682.440] 何かいいものを当たるかもしれないから。
[2682.860-2687.600] うん、じゃあさっしや、動物はいいの?好きでしょ?
[2687.600-2691.480] 動物も見たいけど時間ないから次の時でいいよ。
[2697.490-2698.530] 質問1
[2699.430-2703.370] 女の人はこの後、どの会場へ行きますか?
[2717.510-2718.430] 質問2
[2719.220-2723.280] 男の人はこの後、どの会場へ行きますか?
